node.exe : (node:26888) [DEP0040] DeprecationWarning: The `punycode` module is deprecated. Please use a
 userland alternative instead.
At C:\Program Files\nodejs\npx.ps1:29 char:3
+   & $NODE_EXE $NPX_CLI_JS $args
+   ~~~~~~~~~~~~~~~~~~~~~~~~~~~~~
    + CategoryInfo          : NotSpecified: ((node:26888) [D...native instead.:String) [], RemoteExcep 
   tion
    + FullyQualifiedErrorId : NativeCommandError
 
(Use `node --trace-deprecation ...` to show where the warning was created)
   > Guess: tact compiler
   > Guess: func compiler
   > Packaging
   > Guess
   > Bindings
   > Guess
   > Reports
   > Guess
FAIL tests/Guess.spec.ts
  ΓùÅ Test suite failed to run

    [96mbuild/Guess/Guess_Guess.ts[0m:[93m1182[0m:[93m5[0m - [91merror[0m[90m TS1117: [0mAn o
bject literal cannot have multiple properties with the same name.

    [7m1182[0m     "Access denied": 49469,
    [7m    [0m [91m    ~~~~~~~~~~~~~~~[0m

SKIP Reporter mode: gas
Test Suites: 1 failed, 1 total
Tests:       0 total
Snapshots:   0 total
Time:        0.975 s
Ran all test suites.
